// Jest Snapshot v1, https://goo.gl/fbAQLP

exports[`rendering Post component renders with empty articles 1`] = `
<div
  className="post-preview"
>
  <h2
    className="post-title empty"
  >
    No Articles yet!
  </h2>
</div>
`;

exports[`rendering Post component renders with more than one articles 1`] = `
Array [
  <div
    className="post-preview"
  >
    <h2
      className="post-title"
    >
      <a
        href="/articles/abcdads"
      >
        abc
      </a>
    </h2>
    <article
      className="post-subtitle"
    >
      <p>
        text content....
      </p>
    </article>
    <div
      className="article-extra"
    >
      <span
        className="fa fa-folder"
      >
        <a
          href="/categories/ddd"
        >
          ddd
        </a>
      </span>
      <span
        className="fa fa-tag"
      >
        <a
          href="/tags/untagged"
        >
          #
          untagged
        </a>
        
      </span>
      <span
        className="fa fa-comments"
      >
        <a
          href="/articles/abcdads#comments"
        >
          <span>
            0
          </span>
        </a>
      </span>
      <span
        className="fa fa-eye"
      >
        0
      </span>
    </div>
    <p
      className="post-meta"
    >
      Posted by 
      root
       on
       
      2019-11-16 06:11:19 +0800
    </p>
  </div>,
  <div
    className="post-preview"
  >
    <h2
      className="post-title"
    >
      <a
        href="/articles/cap-theory"
      >
        cap theory
      </a>
    </h2>
    <article
      className="post-subtitle"
    >
      <p>
        Consistency, Availability, Partition tolerance....
      </p>
    </article>
    <div
      className="article-extra"
    >
      <span
        className="fa fa-folder"
      >
        <a
          href="/categories/theory"
        >
          theory
        </a>
      </span>
      <span
        className="fa fa-tag"
      >
        <a
          href="/tags/cap"
        >
          #
          cap
        </a>
        , 
      </span>
      <span
        className="fa fa-tag"
      >
        <a
          href="/tags/分布式系统理论"
        >
          #
          分布式系统理论
        </a>
        
      </span>
      <span
        className="fa fa-comments"
      >
        <a
          href="/articles/cap-theory#comments"
        >
          <span>
            0
          </span>
        </a>
      </span>
      <span
        className="fa fa-eye"
      >
        0
      </span>
    </div>
    <p
      className="post-meta"
    >
      Posted by 
      root
       on
       
      2019-11-16 06:11:19 +0800
    </p>
  </div>,
  <div
    className="post-preview"
  >
    <h2
      className="post-title"
    >
      <a
        href="/articles/code"
      >
        code
      </a>
    </h2>
    <article
      className="post-subtitle"
    >
      <pre>
        <code
          className="language-python"
        >
          print("hello")

print("hello")

print("hello")

\`\`\`....
        </code>
      </pre>
    </article>
    <div
      className="article-extra"
    >
      <span
        className="fa fa-folder"
      >
        <a
          href="/categories/python"
        >
          python
        </a>
      </span>
      <span
        className="fa fa-tag"
      >
        <a
          href="/tags/highlight"
        >
          #
          highlight
        </a>
        , 
      </span>
      <span
        className="fa fa-tag"
      >
        <a
          href="/tags/dynamic-import"
        >
          #
          dynamic-import
        </a>
        
      </span>
      <span
        className="fa fa-comments"
      >
        <a
          href="/articles/code#comments"
        >
          <span>
            0
          </span>
        </a>
      </span>
      <span
        className="fa fa-eye"
      >
        0
      </span>
    </div>
    <p
      className="post-meta"
    >
      Posted by 
      root
       on
       
      2019-11-16 06:11:19 +0800
    </p>
  </div>,
  <div
    className="post-preview"
  >
    <h2
      className="post-title"
    >
      <a
        href="/articles/test-head"
      >
        test-head
      </a>
    </h2>
    <article
      className="post-subtitle"
    >
      <h1>
        head1....
      </h1>
    </article>
    <div
      className="article-extra"
    >
      <span
        className="fa fa-folder"
      >
        <a
          href="/categories/uncategorized"
        >
          uncategorized
        </a>
      </span>
      <span
        className="fa fa-tag"
      >
        <a
          href="/tags/tag1"
        >
          #
          tag1
        </a>
        , 
      </span>
      <span
        className="fa fa-tag"
      >
        <a
          href="/tags/tag2"
        >
          #
          tag2
        </a>
        , 
      </span>
      <span
        className="fa fa-tag"
      >
        <a
          href="/tags/tag3"
        >
          #
          tag3
        </a>
        , 
      </span>
      <span
        className="fa fa-tag"
      >
        <a
          href="/tags/tag4"
        >
          #
          tag4
        </a>
        , 
      </span>
      <span
        className="fa fa-tag"
      >
        <a
          href="/tags/tag5"
        >
          #
          tag5
        </a>
        
      </span>
      <span
        className="fa fa-comments"
      >
        <a
          href="/articles/test-head#comments"
        >
          <span>
            0
          </span>
        </a>
      </span>
      <span
        className="fa fa-eye"
      >
        0
      </span>
    </div>
    <p
      className="post-meta"
    >
      Posted by 
      root
       on
       
      2019-11-16 06:11:19 +0800
    </p>
  </div>,
]
`;
